ok
ok
ok
ok
insufficient money
weapon bought successfully
weapon bought successfully
fight!
nice shot
user not available
attacker doesn't have this gun
you can't buy weapons anymore
nice shot
nice shot
nice shot
nice shot
nice shot
nice shot
attacked is dead
terrorist won
fight!
attacker doesn't have this gun
3400
counter-terrorist won
counter-terrorist players:
Brian 0 1
Morty 0 1
terrorist players:
Rick 2 0
Peter 0 0