OK
OK
Bad Request
OK
OK
Bad Request
OK
OK
OK
1
2
3
4
Not Found
OK
OK
Bad Request
OK
2 passenger2 Marzdaran Enghelab traveling
3 passenger3 Tehranpars Enghelab waiting
4 passenger4 Enghelab Marzdaran traveling
OK
OK
2 passenger2 Marzdaran Enghelab finished
3 passenger3 Tehranpars Enghelab waiting
4 passenger4 Enghelab Marzdaran finished
