OK
OK
OK
OK
OK
OK
Permission Denied
1
Bad Request
Permission Denied
2
Permission Denied
1 mahdi Enghelab Marzdaran waiting
2 mobina Enghelab Tehranpars waiting
OK
Permission Denied
Permission Denied
1 mahdi Enghelab Marzdaran traveling
2 mobina Enghelab Tehranpars waiting
3
3 zahra Farahzad SaadatAbad waiting
OK
OK
Not Found
OK
1 mahdi Enghelab Marzdaran finished
2 mobina Enghelab Tehranpars waiting
3 zahra Farahzad SaadatAbad finished
OK
Bad Request
OK
1 mahdi Enghelab Marzdaran finished
2 mobina Enghelab Tehranpars finished
3 zahra Farahzad SaadatAbad finished
